     0     0     0    Created by Fractint Mapmaker v1.1
     0     0   249    (c)1994,1995 by Jack A. Orman
     0     0   243    For non-commercial use only!
     0     0   237
     0     0   231
     0     0   225
     0     0   219
     0     0   213
     0     0   207
     0     0   201
     0     0   195
     0     0   189
     0     0   183
     0     0   177
     0     0   171
     0     0   165
     0     0   159
     0     0   153
     0     0   147
     0     0   141
     0     0   135
     0     0   129
     1     1   124
     1     1   118
     1     1   112
     1     1   106
     1     1   100
     1     1    94
     1     1    88
     1     1    82
     1     1    76
     1     1    70
     1     1    64
     1     1    58
     1     1    52
     1     1    46
     1     1    40
     1     1    34
     1     1    28
     1     1    22
     1     1    16
     1     1     0
     1     1     0
     1     0     0
     1     0     0
     1     0     0
     1     0     0
     1     0     0
     1     0     0
     1     0     0
     1     0     0
     1     0     0
     1     0     0
     1     0     0
     1     0     0
     1     0     0
     1     0     0
     1     0     0
     1     0     0
     1     0     0
     1     0     0
     1     0     0
     1     0     0
     1     0     0
     0     0     0
     0     0     0
     0     0     0
     0     1     0
     0     2     0
     0     5     0
     0     7     0
     0    10     0
     0    14     0
     0    19     0
     0    24     0
     0    28     0
     0    34     0
     0    41     0
     0    49     0
     0    57     0
     0    63     0
     0    72     0
     0    81     0
     0    91     0
     0   102     0
     0   112     0
     0   120     0
     6   131     0
    12   143     0
    18   155     0
    24   168     0
    30   176     0
    36   189     0
    42   202     0
    48   215     0
    54   255     0
    60   255     0
    66   255     0
    72   255     0
    78   255     0
    84   255     0
    90   255     0
    96   255     0
   102   255     0
   108   255     0
   114   255     0
   120   255     0
   126   255     0
   131   255     0
   137   255     0
   143   255     0
   149   255     0
   155   255     0
   161   255     0
   167   255     0
   173   255     0
   179   255     0
   185   255     0
   191   255     0
   197   255     0
   203   255     0
   209   255     0
   215   255     0
   221   255     0
   227   255     0
   233   255     0
   239   255     0
   245   255     0
   251   255     0
   251   255     0
   245   255     0
   239   255     0
   233   255     0
   227   255     0
   221   255     0
   215   255     0
   209   255     0
   203   255     0
   197   255     0
   191   255     0
   185   255     0
   179   255     0
   173   255     0
   167   255     0
   161   255     0
   155   255     0
   149   255     0
   143   255     0
   137   255     0
   131   255     0
   126   255     0
   120   255     0
   114   255     0
   108   255     0
   102   255     0
    96   255     0
    90   255     0
    84   255     0
    78   255     0
    72   255     0
    66   228     0
    60   237     0
    54   251     0
    48   237     0
    42   228     0
    36   215     0
    30   202     0
    24   189     0
    18   176     0
    12   168     0
     6   155     0
     0   143     0
     0   131     0
     0   120     0
     0   112     0
     0   102     0
     0    91     0
     0    81     0
     0    72     0
     0    63     0
     0    57     0
     0    49     0
     0    41     0
     0    34     0
     0    28     0
     0    24     0
     0    19     0
     0    14     0
     0    10     0
     0     7     0
     0     5     0
     0     2     0
     0     1     0
     0     0     0
     1     0     0
     1     0     0
     1     0     0
     1     0     0
     1     0     0
     1     0     0
     1     0     0
     1     0     0
     1     0     0
     1     0     0
     1     0     0
     1     0     0
     1     0     0
     1     0     0
     1     0     0
     1     0     0
     1     0     0
     1     0     0
     1     0     0
     1     0    10
     1     0     4
     1     0     4
     1     0    10
     1     1    16
     1     1    22
     1     1    28
     1     1    34
     1     1    40
     1     1    46
     1     1    52
     1     1    58
     1     1    64
     1     1    70
     1     1    76
     1     1    82
     1     1    88
     1     1    94
     1     1   100
     1     1   106
     1     1   112
     1     1   118
     1     1   124
     0     1   129
     0     1   135
     0     0   141
     0     0   147
     0     0   153
     0     0   159
     0     0   165
     0     0   171
     0     0   177
     0     0   183
     0     0   189
     0     0   195
     0     0   201
     0     0   207
     0     0   213
     0     0   219
     0     0   225
     0     0   231
     0     0   237
     0     0   243

This is the blue.map included with MAPMAKER with the
blue color set run through the Invert filter
Map processed with Filter(s) 9

       Red        Green      Blue
      Sine       Sine       Sine  
Peaks     1         1         1
Phase     0         0         0
1:    0  255       0  255       0  255
2:    0  255       0  255       0  255
3:    0  255       0  255       0  255
4:    0  255       0  255       0  255
5:    0  255       0  255       0  255
6:    0  255       0  255       0  255
7:    0  255       0  255       0  255
8:    0  255       0  255       0  255

 License for commercial use or resale is available from
  Jack A. Orman
  P.O. Box 858
  Southaven, MS 38671
